TLC2 Version 2026.05.04.141011 (rev: 2097138)
Warning: Please run the Java VM, which executes TLC with a throughput optimized garbage collector, by passing the "-XX:+UseParallelGC" property.
(Use the -nowarning option to disable this warning.)
Running breadth-first search Model-Checking with fp 46 and seed 5696471472011103815 with 1 worker on 14 cores with 6144MB heap and 64MB offheap memory [pid: 3916] (Mac OS X 26.4.1 aarch64, Amazon.com Inc. 21.0.6 64bit, MSBDiskFPSet, DiskStateQueue).
Parsing file /Users/nelson/code/valkey-active-active/audit/formal/MultiMaster.tla
Parsing file /private/var/folders/0y/dykynjfd6hb0rg77dzjnyz7m0000gn/T/tlc-14775516893475455723/Naturals.tla (jar:file:/Users/nelson/code/valkey-active-active/audit/formal/tla2tools.jar!/tla2sany/StandardModules/Naturals.tla)
Parsing file /private/var/folders/0y/dykynjfd6hb0rg77dzjnyz7m0000gn/T/tlc-14775516893475455723/FiniteSets.tla (jar:file:/Users/nelson/code/valkey-active-active/audit/formal/tla2tools.jar!/tla2sany/StandardModules/FiniteSets.tla)
Parsing file /private/var/folders/0y/dykynjfd6hb0rg77dzjnyz7m0000gn/T/tlc-14775516893475455723/TLC.tla (jar:file:/Users/nelson/code/valkey-active-active/audit/formal/tla2tools.jar!/tla2sany/StandardModules/TLC.tla)
Parsing file /private/var/folders/0y/dykynjfd6hb0rg77dzjnyz7m0000gn/T/tlc-14775516893475455723/_TLCTrace.tla (jar:file:/Users/nelson/code/valkey-active-active/audit/formal/tla2tools.jar!/tla2sany/StandardModules/_TLCTrace.tla)
Parsing file /private/var/folders/0y/dykynjfd6hb0rg77dzjnyz7m0000gn/T/tlc-14775516893475455723/Sequences.tla (jar:file:/Users/nelson/code/valkey-active-active/audit/formal/tla2tools.jar!/tla2sany/StandardModules/Sequences.tla)
Parsing file /private/var/folders/0y/dykynjfd6hb0rg77dzjnyz7m0000gn/T/tlc-14775516893475455723/TLCExt.tla (jar:file:/Users/nelson/code/valkey-active-active/audit/formal/tla2tools.jar!/tla2sany/StandardModules/TLCExt.tla)
Parsing file /private/var/folders/0y/dykynjfd6hb0rg77dzjnyz7m0000gn/T/tlc-14775516893475455723/Integers.tla (jar:file:/Users/nelson/code/valkey-active-active/audit/formal/tla2tools.jar!/tla2sany/StandardModules/Integers.tla)
Semantic processing of module Naturals
Semantic processing of module Sequences
Semantic processing of module FiniteSets
Semantic processing of module TLC
Semantic processing of module Integers
Semantic processing of module TLCExt
Semantic processing of module _TLCTrace
Semantic processing of module MultiMaster
Linting of module TLCExt
Linting of module _TLCTrace
Linting of module MultiMaster
Starting... (2026-05-06 15:38:57)
Computing initial states...
Finished computing initial states: 1 distinct state generated at 2026-05-06 15:38:57.
Error: Invariant QuiescentConverged is violated.
Error: The behavior up to this point is:
State 1: <Initial predicate>
/\ seen = [A |-> {}, B |-> {}]
/\ store = [ A |-> [x |-> [origin |-> "none", id |-> 0, value |-> "none", ts |-> 0]],
  B |-> [x |-> [origin |-> "none", id |-> 0, value |-> "none", ts |-> 0]] ]
/\ net = {}
/\ nextId = [A |-> 1, B |-> 1]

State 2: <UnsupportedLocalWrite line 75, col 5 to line 81, col 34 of module MultiMaster>
/\ seen = [A |-> {}, B |-> {}]
/\ store = [ A |-> [x |-> [origin |-> "A", id |-> 1, value |-> "v1", ts |-> 1]],
  B |-> [x |-> [origin |-> "none", id |-> 0, value |-> "none", ts |-> 0]] ]
/\ net = {}
/\ nextId = [A |-> 2, B |-> 1]

6 states generated, 6 distinct states found, 4 states left on queue.
The depth of the complete state graph search is 2.
Finished in 00s at (2026-05-06 15:38:57)
Trace exploration spec path: ./MultiMaster_TTrace_1778107137.tla
